<eps>  
SIL SIL
SIL_B SIL
SIL_E SIL
SIL_I SIL
SIL_S SIL
SPN SPN
SPN_B SPN
SPN_E SPN
SPN_I SPN
SPN_S SPN
NSN NSN
NSN_B NSN
NSN_E NSN
NSN_I NSN
NSN_S NSN
F_B F
F_E F
F_I F
F_S F
TH_B TH
TH_E TH
TH_I TH
TH_S TH
R_B R
R_E R
R_I R
R_S R
AO_B AO
AO_E AO
AO_I AO
AO_S AO
AO0_B AO
AO0_E AO
AO0_I AO
AO0_S AO
AO1_B AO
AO1_E AO
AO1_I AO
AO1_S AO
AO2_B AO
AO2_E AO
AO2_I AO
AO2_S AO
UH_B UH
UH_E UH
UH_I UH
UH_S UH
UH0_B UH
UH0_E UH
UH0_I UH
UH0_S UH
UH1_B UH
UH1_E UH
UH1_I UH
UH1_S UH
UH2_B UH
UH2_E UH
UH2_I UH
UH2_S UH
SH_B SH
SH_E SH
SH_I SH
SH_S SH
OY_B OY
OY_E OY
OY_I OY
OY_S OY
OY0_B OY
OY0_E OY
OY0_I OY
OY0_S OY
OY1_B OY
OY1_E OY
OY1_I OY
OY1_S OY
OY2_B OY
OY2_E OY
OY2_I OY
OY2_S OY
HH_B HH
HH_E HH
HH_I HH
HH_S HH
DH_B DH
DH_E DH
DH_I DH
DH_S DH
NG_B NG
NG_E NG
NG_I NG
NG_S NG
S_B S
S_E S
S_I S
S_S S
K_B K
K_E K
K_I K
K_S K
ER_B ER
ER_E ER
ER_I ER
ER_S ER
ER0_B ER
ER0_E ER
ER0_I ER
ER0_S ER
ER1_B ER
ER1_E ER
ER1_I ER
ER1_S ER
ER2_B ER
ER2_E ER
ER2_I ER
ER2_S ER
AH_B AH
AH_E AH
AH_I AH
AH_S AH
AH0_B AH
AH0_E AH
AH0_I AH
AH0_S AH
AH1_B AH
AH1_E AH
AH1_I AH
AH1_S AH
AH2_B AH
AH2_E AH
AH2_I AH
AH2_S AH
AA_B AA
AA_E AA
AA_I AA
AA_S AA
AA0_B AA
AA0_E AA
AA0_I AA
AA0_S AA
AA1_B AA
AA1_E AA
AA1_I AA
AA1_S AA
AA2_B AA
AA2_E AA
AA2_I AA
AA2_S AA
EH_B EH
EH_E EH
EH_I EH
EH_S EH
EH0_B EH
EH0_E EH
EH0_I EH
EH0_S EH
EH1_B EH
EH1_E EH
EH1_I EH
EH1_S EH
EH2_B EH
EH2_E EH
EH2_I EH
EH2_S EH
AE_B AE
AE_E AE
AE_I AE
AE_S AE
AE0_B AE
AE0_E AE
AE0_I AE
AE0_S AE
AE1_B AE
AE1_E AE
AE1_I AE
AE1_S AE
AE2_B AE
AE2_E AE
AE2_I AE
AE2_S AE
ZH_B ZH
ZH_E ZH
ZH_I ZH
ZH_S ZH
Y_B Y
Y_E Y
Y_I Y
Y_S Y
G_B G
G_E G
G_I G
G_S G
L_B L
L_E L
L_I L
L_S L
JH_B JH
JH_E JH
JH_I JH
JH_S JH
B_B B
B_E B
B_I B
B_S B
N_B N
N_E N
N_I N
N_S N
Z_B Z
Z_E Z
Z_I Z
Z_S Z
AY_B AY
AY_E AY
AY_I AY
AY_S AY
AY0_B AY
AY0_E AY
AY0_I AY
AY0_S AY
AY1_B AY
AY1_E AY
AY1_I AY
AY1_S AY
AY2_B AY
AY2_E AY
AY2_I AY
AY2_S AY
AW_B AW
AW_E AW
AW_I AW
AW_S AW
AW0_B AW
AW0_E AW
AW0_I AW
AW0_S AW
AW1_B AW
AW1_E AW
AW1_I AW
AW1_S AW
AW2_B AW
AW2_E AW
AW2_I AW
AW2_S AW
EY_B EY
EY_E EY
EY_I EY
EY_S EY
EY0_B EY
EY0_E EY
EY0_I EY
EY0_S EY
EY1_B EY
EY1_E EY
EY1_I EY
EY1_S EY
EY2_B EY
EY2_E EY
EY2_I EY
EY2_S EY
P_B P
P_E P
P_I P
P_S P
M_B M
M_E M
M_I M
M_S M
V_B V
V_E V
V_I V
V_S V
W_B W
W_E W
W_I W
W_S W
D_B D
D_E D
D_I D
D_S D
IY_B IY
IY_E IY
IY_I IY
IY_S IY
IY0_B IY
IY0_E IY
IY0_I IY
IY0_S IY
IY1_B IY
IY1_E IY
IY1_I IY
IY1_S IY
IY2_B IY
IY2_E IY
IY2_I IY
IY2_S IY
T_B T
T_E T
T_I T
T_S T
CH_B CH
CH_E CH
CH_I CH
CH_S CH
OW_B OW
OW_E OW
OW_I OW
OW_S OW
OW0_B OW
OW0_E OW
OW0_I OW
OW0_S OW
OW1_B OW
OW1_E OW
OW1_I OW
OW1_S OW
OW2_B OW
OW2_E OW
OW2_I OW
OW2_S OW
UW_B UW
UW_E UW
UW_I UW
UW_S UW
UW0_B UW
UW0_E UW
UW0_I UW
UW0_S UW
UW1_B UW
UW1_E UW
UW1_I UW
UW1_S UW
UW2_B UW
UW2_E UW
UW2_I UW
UW2_S UW
IH_B IH
IH_E IH
IH_I IH
IH_S IH
IH0_B IH
IH0_E IH
IH0_I IH
IH0_S IH
IH1_B IH
IH1_E IH
IH1_I IH
IH1_S IH
IH2_B IH
IH2_E IH
IH2_I IH
IH2_S IH
#0  
#1  
#2  
#3  
#4  
#5  
#6  
#7  
#8  
#9  
#10  
#11  
#12  
#13  
#14  
